# Exclusion Nextcloud — ce dossier ne doit PAS être synchronisé par le client.
#
# POURQUOI (2026-09-10) : ce dossier est un dépôt git, et git assure DÉJÀ le
# transport entre les machines, via github.com/Belenos-Toutatis/suivi-pp.
# Laisser Nextcloud recopier les mêmes fichiers en parallèle, c'est faire
# transporter la même chose par deux mécanismes qui ne savent rien l'un de
# l'autre. Constaté à l'usage :
#   - 232 entrées de ce projet dans le journal de sync, dont 176 DANS .git ;
#   - trois fichiers réécrits en CRLF par-dessus la version posée par git,
#     produisant un diff de 10 824 lignes pour zéro changement réel ;
#   - une copie de conflit de la base de sync elle-même datée du 2026-06-19.
# Le vrai danger n'est pas le diff : c'est un .git livré à moitié pendant que
# git écrit dedans. Ça, ça ne se répare pas à la main.
#
# CE QUI N'EST PAS CONCERNÉ : les données d'élèves de l'app
# (suivi-pp-*.json) ne vivent pas ici — elles ont leur propre dossier
# Nextcloud, et leur synchronisation continue exactement comme avant.
#
# SYNTAXE : un motif par ligne, appliqué à ce dossier et à tout ce qu'il
# contient. Le client lit ce fichier au démarrage — il faut donc le
# REDÉMARRER pour que l'exclusion prenne effet.

# Tout, y compris les fichiers cachés (.git, .gitignore, .nojekyll, .claude).
*
.*

# Redondant avec les deux lignes ci-dessus, mais écrit en clair : c'est ce
# répertoire-là qui motive toute l'exclusion.
.git
